2017/06/18 07:21:43 test 4
2017/06/18 07:22:43 test 5
2017/06/18 07:23:43 test 6
